
KOUOK@DESKTOP-65S1UNH MINGW64 /d/GitHub/20180820gitbash (master)
$ git push origin master
fatal: 'origin' does not appear to be a git repository
fatal: Could not read from remote repository.

Please make sure you have the correct access rights
and the repository exists.

KOUOK@DESKTOP-65S1UNH MINGW64 /d/GitHub/20180820gitbash (master)
$ ssh -T git@github.com
The authenticity of host 'github.com (52.74.223.119)' can't be established.
RSA key fingerprint is SHA256:nThbg6kXUpJWGl7E1IGOCspRomTxdCARLviKw6E5SY8.
Are you sure you want to continue connecting (yes/no)? yes
Warning: Permanently added 'github.com,52.74.223.119' (RSA) to the list of known     hosts.
git@github.com: Permission denied (publickey).

KOUOK@DESKTOP-65S1UNH MINGW64 /d/GitHub/20180820gitbash (master)
$ ssh-keygen -t rsa -C "disanping@gmail.com"
Generating public/private rsa key pair.
Enter file in which to save the key (/c/Users/KOUOK/.ssh/id_rsa):
Enter passphrase (empty for no passphrase):
Enter same passphrase again:
Your identification has been saved in /c/Users/KOUOK/.ssh/id_rsa.
Your public key has been saved in /c/Users/KOUOK/.ssh/id_rsa.pub.
The key fingerprint is:
SHA256:4hpjIVQM4gacqrFB/7rsCbUQt0BQRsyHNkJqabiG6oU disanping@gmail.com
The key's randomart image is:
+---[RSA 2048]----+
|BB*+.            |
|B*B.o            |
|=@o+             |
|Oo+..            |
|+*.oo . S        |
|= +..+ .         |
|.E o= .          |
|. +o.+           |
| ..=o            |
+----[SHA256]-----+

KOUOK@DESKTOP-65S1UNH MINGW64 /d/GitHub/20180820gitbash (master)
$ ssh -T git@github.com
Hi disanping! You've successfully authenticated, but GitHub does not provide she    ll access.

KOUOK@DESKTOP-65S1UNH MINGW64 /d/GitHub/20180820gitbash (master)
$ git push origin master
fatal: 'origin' does not appear to be a git repository
fatal: Could not read from remote repository.

Please make sure you have the correct access rights
and the repository exists.

KOUOK@DESKTOP-65S1UNH MINGW64 /d/GitHub/20180820gitbash (master)
$
